// Jest Snapshot v1, https://goo.gl/fbAQLP

exports[`utils: focusable basic 1`] = `
<div
  style={
    Object {
      "color": "red",
    }
  }
  tabIndex={0}
/>
`;
